// Jest Snapshot v1, https://goo.gl/fbAQLP

exports[`ast macro 1`] = `
{
  "left": {
    "raw": "2",
    "span": {
      "ctxt": 0,
      "end": 0,
      "start": 0,
    },
    "type": "NumericLiteral",
    "value": 2,
  },
  "operator": "*",
  "right": {
    "raw": "3",
    "span": {
      "ctxt": 0,
      "end": 0,
      "start": 0,
    },
    "type": "NumericLiteral",
    "value": 3,
  },
  "span": {
    "ctxt": 0,
    "end": 0,
    "start": 0,
  },
  "type": "BinaryExpression",
}
`;

exports[`ast macro 2`] = `
{
  "elements": [],
  "span": {
    "ctxt": 0,
    "end": 0,
    "start": 0,
  },
  "type": "ArrayExpression",
}
`;

exports[`ast macro 3`] = `
{
  "arguments": [],
  "callee": {
    "object": {
      "expression": {
        "raw": "3",
        "span": {
          "ctxt": 0,
          "end": 0,
          "start": 0,
        },
        "type": "NumericLiteral",
        "value": 3,
      },
      "span": {
        "ctxt": 0,
        "end": 0,
        "start": 0,
      },
      "type": "ParenthesisExpression",
    },
    "property": {
      "optional": false,
      "span": {
        "ctxt": 0,
        "end": 0,
        "start": 0,
      },
      "type": "Identifier",
      "value": "toFixed",
    },
    "span": {
      "ctxt": 0,
      "end": 0,
      "start": 0,
    },
    "type": "MemberExpression",
  },
  "span": {
    "ctxt": 0,
    "end": 0,
    "start": 0,
  },
  "type": "CallExpression",
  "typeArguments": null,
}
`;
